fplm : a=58a9 b=caff
PASS: fplm=e828 conf=e828
------------
fplm : a=d141 b=d89c
PASS: fplm=6ddd conf=6ddd
------------
fplm : a=53ab b=5220
PASS: fplm=69e5 conf=69e5
------------
fplm : a=dbcc b=5083
PASS: fplm=f069 conf=f069
------------
fplm : a=50c5 b=d801
PASS: fplm=ecc6 conf=ecc6
------------
fplm : a=53ed b=d953
PASS: fplm=f149 conf=f149
------------
fplm : a=55a6 b=4dbb
PASS: fplm=6761 conf=6761
------------
fplm : a=dc25 b=c58e
PASS: fplm=65b3 conf=65b3
------------
fplm : a=513b b=cd90
PASS: fplm=e2cb conf=e2cb
------------
fplm : a=c9ef b=d376
PASS: fplm=61aa conf=61aa
------------
fplm : a=5120 b=dde7
PASS: fplm=f307 conf=f307
------------
fplm : a=59ef b=4f3b
PASS: fplm=6d8c conf=6d8c
------------
fplm : a=561e b=5148
PASS: fplm=6c57 conf=6c57
------------
fplm : a=4f23 b=322a
PASS: fplm=45a6 conf=45a6
------------
fplm : a=55c3 b=d054
PASS: fplm=ea17 conf=ea17
------------
fplm : a=576d b=55cf
PASS: fplm=7185 conf=7185
------------
fplm : a=4f43 b=c8f5
PASS: fplm=dc96 conf=dc96
------------
fplm : a=555e b=589f
PASS: fplm=71fd conf=71fd
------------
fplm : a=db92 b=580d
PASS: fplm=f7d6 conf=f7d6
------------
fplm : a=d0a1 b=d800
PASS: fplm=6ca1 conf=6ca1
------------
fplm : a=5702 b=d9a6
PASS: fplm=f527 conf=f527
------------
fplm : a=55b4 b=db60
PASS: fplm=f564 conf=f564
------------
fplm : a=d984 b=5288
PASS: fplm=f0c8 conf=f0c8
------------
fplm : a=58f5 b=d91a
PASS: fplm=f60f conf=f60f
------------
fplm : a=d6e2 b=57cb
PASS: fplm=f2d6 conf=f2d6
------------
fplm : a=5936 b=4798
PASS: fplm=6502 conf=6502
------------
fplm : a=5688 b=d7ea
PASS: fplm=f2b9 conf=f2b9
------------
fplm : a=5864 b=477d
PASS: fplm=6422 conf=6422
------------
fplm : a=db73 b=54d9
PASS: fplm=f492 conf=f492
------------
fplm : a=5bf7 b=5529
PASS: fplm=7524 conf=7524
------------
fplm : a=5cbc b=ce97
PASS: fplm=f007 conf=f007
------------
fplm : a=da6e b=4e93
PASS: fplm=ed80 conf=ed80
------------
fplm : a=5910 b=dc91
PASS: fplm=f9a1 conf=f9a1
------------
fplm : a=d520 b=d989
PASS: fplm=72a9 conf=72a9
------------
fplm : a=db75 b=d501
PASS: fplm=74bb conf=74bb
------------
fplm : a=57f8 b=ced6
PASS: fplm=eae7 conf=eae7
------------
fplm : a=d213 b=dc71
PASS: fplm=737a conf=737a
------------
fplm : a=5232 b=565a
PASS: fplm=6d46 conf=6d46
------------
fplm : a=536f b=d199
PASS: fplm=e950 conf=e950
------------
fplm : a=d83f b=58f7
PASS: fplm=f536 conf=f536
------------
fplm : a=d82b b=d696
PASS: fplm=7376 conf=7376
------------
fplm : a=d6c3 b=4426
PASS: fplm=df87 conf=df87
------------
fplm : a=dada b=58eb
PASS: fplm=f858 conf=f858
------------
fplm : a=52af b=520c
PASS: fplm=695d conf=695d
------------
fplm : a=cd61 b=d5a5
PASS: fplm=6706 conf=6706
------------
fplm : a=5a6e b=d90a
PASS: fplm=f841 conf=f841
------------
fplm : a=d022 b=5904
PASS: fplm=ed26 conf=ed26
------------
fplm : a=de38 b=373e
PASS: fplm=d9bb conf=d9bb
------------
fplm : a=c6c9 b=5857
PASS: fplm=e3bb conf=e3bb
------------
fplm : a=5811 b=d630
PASS: fplm=f329 conf=f329
------------
fplm : a=5aaf b=ceee
PASS: fplm=edce conf=edce
------------
fplm : a=dd84 b=d839
PASS: fplm=79bd conf=79bd
------------
fplm : a=56d8 b=d56a
PASS: fplm=f0d6 conf=f0d6
------------
fplm : a=d7d5 b=57a1
PASS: fplm=f33a conf=f33a
------------
fplm : a=d4db b=4215
PASS: fplm=dbe5 conf=dbe5
------------
fplm : a=537b b=571a
PASS: fplm=6eca conf=6eca
------------
fplm : a=5455 b=5176
PASS: fplm=69cb conf=69cb
------------
fplm : a=599d b=52fe
PASS: fplm=711c conf=711c
------------
fplm : a=cf4a b=5c36
PASS: fplm=efdb conf=efdb
------------
fplm : a=5929 b=58e7
PASS: fplm=7610 conf=7610
------------
fplm : a=d8a5 b=d90f
PASS: fplm=75b4 conf=75b4
------------
fplm : a=4f48 b=5084
PASS: fplm=6428 conf=6428
------------
fplm : a=5b83 b=5dd8
PASS: fplm=7d99 conf=7d99
------------
fplm : a=5887 b=d685
PASS: fplm=f3c9 conf=f3c9
------------
fplm : a=56f7 b=cf00
PASS: fplm=e9fb conf=e9fb
------------
fplm : a=dc0c b=d435
PASS: fplm=7441 conf=7441
------------
fplm : a=547f b=cf7f
PASS: fplm=e83e conf=e83e
------------
fplm : a=507c b=d8e5
PASS: fplm=ed61 conf=ed61
------------
fplm : a=d5e6 b=d83f
PASS: fplm=7225 conf=7225
------------
fplm : a=5991 b=4a8b
PASS: fplm=68d6 conf=68d6
------------
fplm : a=567d b=dae3
PASS: fplm=f5af conf=f5af
------------
fplm : a=d2c1 b=53d9
PASS: fplm=eacc conf=eacc
------------
fplm : a=d5ff b=d6cf
PASS: fplm=7166 conf=7166
------------
fplm : a=5cbf b=5132
PASS: fplm=71f1 conf=71f1
------------
fplm : a=5875 b=d03b
PASS: fplm=ecb0 conf=ecb0
------------
fplm : a=5001 b=d4be
PASS: fplm=e8bf conf=e8bf
------------
fplm : a=55e3 b=4ce3
PASS: fplm=66c6 conf=66c6
------------
fplm : a=5236 b=d90b
PASS: fplm=f026 conf=f026
------------
fplm : a=d8e2 b=dab5
PASS: fplm=783c conf=783c
------------
fplm : a=d341 b=d68c
PASS: fplm=6de6 conf=6de6
------------
fplm : a=539c b=4c0f
PASS: fplm=63dd conf=63dd
------------
fplm : a=5414 b=5722
PASS: fplm=6fa5 conf=6fa5
------------
fplm : a=5a5f b=cb39
PASS: fplm=e9cb conf=e9cb
------------
fplm : a=5614 b=5b43
PASS: fplm=75ab conf=75ab
------------
fplm : a=da0a b=5c37
PASS: fplm=fb3c conf=fb3c
------------
fplm : a=d5b3 b=5c25
PASS: fplm=f5d8 conf=f5d8
------------
fplm : a=54ee b=d8c3
PASS: fplm=f1b1 conf=f1b1
------------
fplm : a=ce17 b=555b
PASS: fplm=e866 conf=e866
------------
fplm : a=58d9 b=53a6
PASS: fplm=70ac conf=70ac
------------
fplm : a=55b8 b=56ab
PASS: fplm=710d conf=710d
------------
fplm : a=51f5 b=593c
PASS: fplm=6f31 conf=6f31
------------
fplm : a=dbdd b=4ca1
PASS: fplm=ec8f conf=ec8f
------------
fplm : a=dc39 b=5c16
PASS: fplm=fc4f conf=fc4f
------------
fplm : a=d6b9 b=d874
PASS: fplm=73d0 conf=73d0
------------
fplm : a=d543 b=5a55
PASS: fplm=f46d conf=f46d
------------
fplm : a=d17e b=4f46
PASS: fplm=e521 conf=e521
------------
fplm : a=d84f b=5bb8
PASS: fplm=f82b conf=f82b
------------
fplm : a=5984 b=4f2d
PASS: fplm=6d1a conf=6d1a
------------
fplm : a=dc27 b=4d0e
PASS: fplm=ed35 conf=ed35
------------
fplm : a=dc4f b=589c
PASS: fplm=f8eb conf=f8eb
------------
fplm : a=533c b=56df
PASS: fplm=6e8d conf=6e8d
------------
fplm : a=d6e8 b=d5c0
PASS: fplm=7134 conf=7134
------------
fplm : a=d8f5 b=dbb7
PASS: fplm=78d0 conf=78d0
------------
fplm : a=d0d4 b=556f
PASS: fplm=ea43 conf=ea43
------------
fplm : a=57fa b=4d00
PASS: fplm=68fd conf=68fd
------------
fplm : a=c876 b=da37
PASS: fplm=6791 conf=6791
------------
fplm : a=565c b=d9e1
PASS: fplm=f50f conf=f50f
------------
fplm : a=57bc b=d58c
PASS: fplm=f16a conf=f16a
------------
fplm : a=5002 b=5799
PASS: fplm=6bce conf=6bce
------------
fplm : a=d689 b=c6a6
PASS: fplm=6197 conf=6197
------------
fplm : a=58fb b=5da8
PASS: fplm=7aa3 conf=7aa3
------------
fplm : a=59bc b=d8fe
PASS: fplm=f6ba conf=f6ba
------------
fplm : a=d45f b=d3d8
PASS: fplm=6c4b conf=6c4b
------------
fplm : a=5638 b=de25
PASS: fplm=f92e conf=f92e
------------
fplm : a=5c8f b=4888
PASS: fplm=6917 conf=6917
------------
fplm : a=46bc b=d8e8
PASS: fplm=e446 conf=e446
------------
fplm : a=5a20 b=c6a7
PASS: fplm=e563 conf=e563
------------
fplm : a=d9d5 b=d40c
PASS: fplm=71e1 conf=71e1
------------
fplm : a=d8ce b=d66b
PASS: fplm=7403 conf=7403
------------
fplm : a=50f4 b=d7a9
PASS: fplm=ecc8 conf=ecc8
------------
fplm : a=57a2 b=5a27
PASS: fplm=75e4 conf=75e4
------------
fplm : a=d360 b=501c
PASS: fplm=e7cc conf=e7cc
------------
fplm : a=c098 b=cd84
PASS: fplm=521c conf=521c
------------
fplm : a=58a0 b=517f
PASS: fplm=6e1f conf=6e1f
------------
fplm : a=c203 b=529a
PASS: fplm=d94e conf=d94e
------------
fplm : a=ca1f b=d5e4
PASS: fplm=64f3 conf=64f3
------------
fplm : a=59e9 b=584f
PASS: fplm=7638 conf=7638
------------
fplm : a=d449 b=5d2d
PASS: fplm=f576 conf=f576
------------
fplm : a=59a6 b=5526
PASS: fplm=72cc conf=72cc
------------
fplm : a=50cd b=55a6
PASS: fplm=6a73 conf=6a73
------------
fplm : a=d016 b=da4a
PASS: fplm=6f3b conf=6f3b
------------
fplm : a=5912 b=d0ad
PASS: fplm=edbf conf=edbf
------------
fplm : a=d545 b=d665
PASS: fplm=7077 conf=7077
------------
fplm : a=5a9a b=5d80
PASS: fplm=7ccd conf=7ccd
------------
fplm : a=dadf b=d6f2
PASS: fplm=75e8 conf=75e8
------------
fplm : a=4d15 b=5ac5
PASS: fplm=6c77 conf=6c77
------------
fplm : a=5948 b=cfc0
PASS: fplm=ed28 conf=ed28
------------
fplm : a=5cea b=cca2
PASS: fplm=ed8c conf=ed8c
------------
fplm : a=5a99 b=4c25
PASS: fplm=6b71 conf=6b71
------------
fplm : a=d9d8 b=d79e
PASS: fplm=75a7 conf=75a7
------------
fplm : a=ddd1 b=596e
PASS: fplm=fb3f conf=fb3f
------------
fplm : a=518c b=d8e0
PASS: fplm=ee6c conf=ee6c
------------
fplm : a=56c6 b=d802
PASS: fplm=f365 conf=f365
------------
fplm : a=55f1 b=cef0
PASS: fplm=e969 conf=e969
------------
fplm : a=d8ee b=d6d3
PASS: fplm=7457 conf=7457
------------
fplm : a=d941 b=d6e8
PASS: fplm=74b5 conf=74b5
------------
fplm : a=d84a b=d7e6
PASS: fplm=743d conf=743d
------------
fplm : a=51d3 b=5454
PASS: fplm=6a27 conf=6a27
------------
fplm : a=d030 b=516a
PASS: fplm=e59a conf=e59a
------------
fplm : a=5962 b=d753
PASS: fplm=f50b conf=f50b
------------
fplm : a=5773 b=5810
PASS: fplm=73c9 conf=73c9
------------
fplm : a=51a5 b=4f9d
PASS: fplm=6573 conf=6573
------------
fplm : a=da14 b=58ac
PASS: fplm=f7b6 conf=f7b6
------------
fplm : a=ce5e b=d5d5
PASS: fplm=6904 conf=6904
------------
fplm : a=5962 b=5540
PASS: fplm=72a2 conf=72a2
------------
fplm : a=5515 b=d66d
PASS: fplm=f04b conf=f04b
------------
fplm : a=d6fc b=4cd7
PASS: fplm=e855 conf=e855
------------
fplm : a=d7cf b=d8bc
PASS: fplm=74a3 conf=74a3
------------
fplm : a=57c4 b=57e8
PASS: fplm=7356 conf=7356
------------
fplm : a=5843 b=d402
PASS: fplm=f045 conf=f045
------------
fplm : a=d834 b=d943
PASS: fplm=7577 conf=7577
------------
fplm : a=5d24 b=d421
PASS: fplm=f545 conf=f545
------------
fplm : a=5d9d b=5d2a
PASS: fplm=7ec7 conf=7ec7
------------
fplm : a=5a40 b=d478
PASS: fplm=f398 conf=f398
------------
fplm : a=5ab4 b=d5e3
PASS: fplm=f53d conf=f53d
------------
fplm : a=db19 b=5449
PASS: fplm=f3d5 conf=f3d5
------------
fplm : a=5b56 b=ca42
PASS: fplm=e9cc conf=e9cc
------------
fplm : a=5854 b=51e4
PASS: fplm=6e38 conf=6e38
------------
fplm : a=4d77 b=d41f
PASS: fplm=e596 conf=e596
------------
fplm : a=5e0c b=4575
PASS: fplm=687b conf=687b
------------
fplm : a=5626 b=c9b2
PASS: fplm=e4c5 conf=e4c5
------------
fplm : a=54d4 b=dcbd
PASS: fplm=f591 conf=f591
------------
fplm : a=53fc b=db6b
PASS: fplm=f333 conf=f333
------------
fplm : a=58ed b=5ade
PASS: fplm=785c conf=785c
------------
fplm : a=5d10 b=da52
PASS: fplm=fc39 conf=fc39
------------
fplm : a=5136 b=5cb4
PASS: fplm=71ea conf=71ea
------------
fplm : a=5431 b=50a8
PASS: fplm=68d9 conf=68d9
------------
fplm : a=5ce4 b=d95c
PASS: fplm=fa40 conf=fa40
------------
fplm : a=d8f7 b=ca44
PASS: fplm=6819 conf=6819
------------
fplm : a=51c0 b=55d0
PASS: fplm=6b90 conf=6b90
------------
fplm : a=4705 b=5b38
PASS: fplm=669e conf=669e
------------
fplm : a=43ac b=db46
PASS: fplm=e2f9 conf=e2f9
------------
fplm : a=4c64 b=d0a7
PASS: fplm=e10b conf=e10b
------------
fplm : a=5498 b=571f
PASS: fplm=7027 conf=7027
------------
fplm : a=5661 b=4f80
PASS: fplm=69f0 conf=69f0
------------
fplm : a=57c3 b=5457
PASS: fplm=7038 conf=7038
------------
fplm : a=d4d6 b=cae6
PASS: fplm=6449 conf=6449
------------
fplm : a=4fe9 b=c603
PASS: fplm=d9f5 conf=d9f5
------------
fplm : a=583f b=52fe
PASS: fplm=6fbe conf=6fbe
------------
fplm : a=5bd0 b=5515
PASS: fplm=74fd conf=74fd
------------
fplm : a=cf60 b=596a
PASS: fplm=ed1a conf=ed1a
------------
fplm : a=d60f b=55c9
PASS: fplm=f0d0 conf=f0d0
------------
fplm : a=dd1c b=564c
PASS: fplm=f842 conf=f842
------------
fplm : a=5833 b=5b07
PASS: fplm=77b6 conf=77b6
------------
fplm : a=57b8 b=5769
PASS: fplm=7310 conf=7310
------------
fplm : a=5a82 b=57c4
PASS: fplm=76a3 conf=76a3
------------
fplm : a=549b b=d477
PASS: fplm=ed12 conf=ed12
------------
fplm : a=d92f b=db66
PASS: fplm=78e2 conf=78e2
------------
fplm : a=56d6 b=5275
PASS: fplm=6da5 conf=6da5
------------
fplm : a=dca4 b=51c6
PASS: fplm=f26a conf=f26a
------------
fplm : a=489d b=512f
PASS: fplm=5dcc conf=5dcc
------------
fplm : a=4730 b=d32a
PASS: fplm=dead conf=dead
------------
fplm : a=5cb1 b=4325
PASS: fplm=6443 conf=6443
------------
fplm : a=5447 b=d03b
PASS: fplm=e882 conf=e882
------------
fplm : a=de0a b=d3e7
PASS: fplm=75f8 conf=75f8
------------
fplm : a=587c b=d9a4
PASS: fplm=f620 conf=f620
------------
fplm : a=dc98 b=d4b5
PASS: fplm=754d conf=754d
------------
fplm : a=dc27 b=d945
PASS: fplm=796c conf=796c
------------
fplm : a=56de b=58a7
PASS: fplm=7416 conf=7416
------------
fplm : a=d0cf b=573a
PASS: fplm=ec6c conf=ec6c
------------
fplm : a=c71c b=4bbd
PASS: fplm=d6ec conf=d6ec
------------
fplm : a=5860 b=4f81
PASS: fplm=6c20 conf=6c20
------------
fplm : a=50ae b=5ae3
PASS: fplm=701f conf=701f
------------
fplm : a=5a46 b=576b
PASS: fplm=75d8 conf=75d8
------------
fplm : a=d3f3 b=4e6e
PASS: fplm=e6b0 conf=e6b0
------------
fplm : a=5304 b=485d
PASS: fplm=5fdf conf=5fdf
------------
fplm : a=5844 b=d8a6
PASS: fplm=f4ea conf=f4ea
------------
fplm : a=db19 b=d3fc
PASS: fplm=730a conf=730a
------------
fplm : a=d831 b=da11
PASS: fplm=7739 conf=7739
------------
fplm : a=d998 b=408d
PASS: fplm=de25 conf=de25
------------
fplm : a=533d b=d7cc
PASS: fplm=ef04 conf=ef04
------------
fplm : a=d949 b=d1d3
PASS: fplm=6f1c conf=6f1c
------------
fplm : a=5561 b=c086
PASS: fplm=d9e7 conf=d9e7
------------
fplm : a=5afc b=578d
PASS: fplm=76c4 conf=76c4
------------
fplm : a=cfc2 b=58ec
PASS: fplm=eccd conf=eccd
------------
fplm : a=560d b=d722
PASS: fplm=f197 conf=f197
------------
fplm : a=4da6 b=d63d
PASS: fplm=e8c4 conf=e8c4
------------
fplm : a=5a5a b=cd13
PASS: fplm=ec40 conf=ec40
------------
fplm : a=3b74 b=547c
PASS: fplm=5436 conf=5436
------------
fplm : a=dcc1 b=5661
PASS: fplm=f7f1 conf=f7f1
------------
fplm : a=d24c b=d49d
PASS: fplm=6bc3 conf=6bc3
------------
fplm : a=55b9 b=d672
PASS: fplm=f0f2 conf=f0f2
------------
fplm : a=d8ae b=4d34
PASS: fplm=e9e2 conf=e9e2
------------
fplm : a=dae0 b=bc3d
PASS: fplm=5bad conf=5bad
------------
fplm : a=daf6 b=4f0c
PASS: fplm=ee81 conf=ee81
------------
fplm : a=d9eb b=56b1
PASS: fplm=f543 conf=f543
------------
fplm : a=d990 b=58ec
PASS: fplm=f67c conf=f67c
------------
fplm : a=d521 b=5cf1
PASS: fplm=f612 conf=f612
------------
fplm : a=487f b=ceff
PASS: fplm=dbfe conf=dbfe
------------
fplm : a=5619 b=555a
PASS: fplm=7066 conf=7066
------------
fplm : a=d806 b=585a
PASS: fplm=f460 conf=f460
------------
fplm : a=585a b=d451
PASS: fplm=f0ab conf=f0ab
------------
fplm : a=cc87 b=da9e
PASS: fplm=6bd6 conf=6bd6
------------
fplm : a=d8e2 b=dac5
PASS: fplm=7844 conf=7844
------------
fplm : a=d90a b=595d
PASS: fplm=f667 conf=f667
------------
fplm : a=5104 b=5480
PASS: fplm=6984 conf=6984
------------
fplm : a=5435 b=5a11
PASS: fplm=733d conf=733d
------------
fplm : a=d6c6 b=d0f7
PASS: fplm=6c5a conf=6c5a
------------
fplm : a=d40b b=dca4
PASS: fplm=74af conf=74af
------------
fplm : a=d85a b=500c
PASS: fplm=ec66 conf=ec66
------------
fplm : a=5c11 b=51e9
PASS: fplm=71fa conf=71fa
------------
fplm : a=5aed b=5827
PASS: fplm=779d conf=779d
------------
fplm : a=58f9 b=d135
PASS: fplm=ee2e conf=ee2e
------------
fplm : a=548b b=d2fd
PASS: fplm=ec09 conf=ec09
------------
fplm : a=ddb4 b=d52b
PASS: fplm=76df conf=76df
------------
fplm : a=5c05 b=da9f
PASS: fplm=fb54 conf=fb54
------------
fplm : a=4768 b=d647
PASS: fplm=e1d7 conf=e1d7
------------
fplm : a=56b5 b=50f2
PASS: fplm=6c4c conf=6c4c
------------
fplm : a=d681 b=5b23
PASS: fplm=f5d1 conf=f5d1
------------
fplm : a=d991 b=54ce
PASS: fplm=f25f conf=f25f
------------
fplm : a=d9cd b=541d
PASS: fplm=f1ea conf=f1ea
------------
fplm : a=da05 b=5718
PASS: fplm=f58e conf=f58e
------------
fplm : a=cdd6 b=5844
PASS: fplm=ea1a conf=ea1a
------------
fplm : a=d3d5 b=d19f
PASS: fplm=6989 conf=6989
------------
fplm : a=dc68 b=d292
PASS: fplm=73b1 conf=73b1
------------
fplm : a=d426 b=ce0b
PASS: fplm=672b conf=672b
------------
fplm : a=d75b b=5785
PASS: fplm=f2ef conf=f2ef
------------
fplm : a=d5cf b=d793
PASS: fplm=7198 conf=7198
------------
fplm : a=ddb2 b=5667
PASS: fplm=f8e5 conf=f8e5
------------
fplm : a=5020 b=58b9
PASS: fplm=6cd9 conf=6cd9
------------
fplm : a=3f9b b=529c
PASS: fplm=569b conf=569b
------------
fplm : a=da81 b=4d6c
PASS: fplm=ecac conf=ecac
------------
fplm : a=48cf b=d4af
PASS: fplm=e17e conf=e17e
------------
fplm : a=533c b=da56
PASS: fplm=f1c9 conf=f1c9
------------
fplm : a=d5b4 b=5878
PASS: fplm=f22c conf=f22c
------------
fplm : a=525c b=4db2
PASS: fplm=64e0 conf=64e0
------------
fplm : a=c83a b=dddb
PASS: fplm=6a15 conf=6a15
------------
fplm : a=57c3 b=54c7
PASS: fplm=70a8 conf=70a8
------------
fplm : a=547a b=4e5c
PASS: fplm=67a8 conf=67a8
------------
fplm : a=5718 b=d9e7
PASS: fplm=f573 conf=f573
------------
fplm : a=5061 b=d95a
PASS: fplm=edbb conf=edbb
------------
fplm : a=5648 b=58a9
PASS: fplm=73cd conf=73cd
------------
fplm : a=54cb b=4db2
PASS: fplm=667d conf=667d
------------
fplm : a=563e b=5b12
PASS: fplm=75a8 conf=75a8
------------
fplm : a=dd27 b=d400
PASS: fplm=7527 conf=7527
------------
fplm : a=5acb b=dc29
PASS: fplm=fb8e conf=fb8e
------------
fplm : a=46bc b=d3b8
PASS: fplm=deba conf=deba
------------
fplm : a=5c16 b=5981
PASS: fplm=7997 conf=7997
------------
fplm : a=47c6 b=d50a
PASS: fplm=e0ed conf=e0ed
------------
fplm : a=dd46 b=5af3
PASS: fplm=fcbf conf=fcbf
------------
fplm : a=4aa0 b=d73a
PASS: fplm=e5ed conf=e5ed
------------
fplm : a=d703 b=d47b
PASS: fplm=6ffc conf=6ffc
------------
fplm : a=5c0b b=5745
PASS: fplm=77ad conf=77ad
------------
fplm : a=5b2c b=5aa4
PASS: fplm=79e8 conf=79e8
------------
fplm : a=d8ac b=594f
PASS: fplm=f5fb conf=f5fb
------------
fplm : a=d360 b=dbfc
PASS: fplm=732e conf=732e
------------
fplm : a=d86e b=45ac
PASS: fplm=e21a conf=e21a
------------
fplm : a=dc14 b=d466
PASS: fplm=747a conf=747a
------------
fplm : a=d321 b=4f1e
PASS: fplm=e69f conf=e69f
------------
fplm : a=d14d b=d535
PASS: fplm=6a82 conf=6a82
------------
fplm : a=50f3 b=4398
PASS: fplm=58bf conf=58bf
------------
fplm : a=da06 b=cf77
PASS: fplm=6dbe conf=6dbe
------------
fplm : a=53f9 b=5c7a
PASS: fplm=7476 conf=7476
------------
fplm : a=5e34 b=d734
PASS: fplm=f9b4 conf=f9b4
------------
fplm : a=565a b=517d
PASS: fplm=6caa conf=6caa
------------
fplm : a=511c b=57d1
PASS: fplm=6d04 conf=6d04
------------
fplm : a=d869 b=4521
PASS: fplm=e18a conf=e18a
------------
fplm : a=ca5c b=5ab0
PASS: fplm=e986 conf=e986
------------
fplm : a=5d36 b=58d2
PASS: fplm=7a08 conf=7a08
------------
fplm : a=c0d8 b=5133
PASS: fplm=d60b conf=d60b
------------
fplm : a=5053 b=dc03
PASS: fplm=f056 conf=f056
------------
fplm : a=d8da b=56bf
PASS: fplm=f439 conf=f439
------------
fplm : a=d48f b=cbd4
PASS: fplm=6479 conf=6479
------------
fplm : a=54e9 b=5383
PASS: fplm=6caa conf=6caa
------------
fplm : a=d992 b=5c10
PASS: fplm=f9a2 conf=f9a2
------------
fplm : a=567e b=53e7
PASS: fplm=6eb2 conf=6eb2
------------
fplm : a=d392 b=5a40
PASS: fplm=f1e9 conf=f1e9
------------
fplm : a=49e2 b=d565
PASS: fplm=e347 conf=e347
------------
fplm : a=d5df b=5994
PASS: fplm=f373 conf=f373
------------
fplm : a=d4a5 b=5975
PASS: fplm=f21a conf=f21a
------------
fplm : a=db31 b=5a8b
PASS: fplm=f9dd conf=f9dd
------------
fplm : a=d49d b=5115
PASS: fplm=e9b2 conf=e9b2
------------
fplm : a=516e b=5c7d
PASS: fplm=71eb conf=71eb
------------
fplm : a=56e0 b=525e
PASS: fplm=6d9f conf=6d9f
------------
fplm : a=d975 b=5111
PASS: fplm=ee86 conf=ee86
------------
fplm : a=d60f b=da3c
PASS: fplm=7525 conf=7525
------------
fplm : a=58dd b=d4fa
PASS: fplm=f1d7 conf=f1d7
------------
fplm : a=50b4 b=575d
PASS: fplm=6c62 conf=6c62
------------
fplm : a=d933 b=5c42
PASS: fplm=f975 conf=f975
------------
fplm : a=55f0 b=d3e3
PASS: fplm=ede1 conf=ede1
------------
fplm : a=592b b=5368
PASS: fplm=70df conf=70df
------------
fplm : a=568b b=d9a4
PASS: fplm=f4e9 conf=f4e9
------------
fplm : a=5008 b=d8cb
PASS: fplm=ecd3 conf=ecd3
------------
fplm : a=5a32 b=d916
PASS: fplm=f82f conf=f82f
------------
fplm : a=d066 b=5942
PASS: fplm=eda8 conf=eda8
------------
fplm : a=dae4 b=dce2
PASS: fplm=7c54 conf=7c54
------------
fplm : a=4a5e b=55c6
PASS: fplm=64f5 conf=64f5
------------
fplm : a=d9b5 b=59a2
PASS: fplm=f757 conf=f757
------------
fplm : a=daf0 b=44d1
PASS: fplm=e449 conf=e449
------------
fplm : a=d5c5 b=d3ee
PASS: fplm=6dbc conf=6dbc
------------
fplm : a=5368 b=5992
PASS: fplm=7146 conf=7146
------------
fplm : a=c4b5 b=d68d
PASS: fplm=5ffb conf=5ffb
------------
fplm : a=c00e b=543b
PASS: fplm=d849 conf=d849
------------
fplm : a=5872 b=d1bc
PASS: fplm=ee2e conf=ee2e
------------
fplm : a=d3a1 b=d7c4
PASS: fplm=6f32 conf=6f32
------------
fplm : a=5c03 b=5950
PASS: fplm=7953 conf=7953
------------
fplm : a=dd19 b=d8e4
PASS: fplm=79fd conf=79fd
------------
fplm : a=4917 b=de16
PASS: fplm=ec22 conf=ec22
------------
fplm : a=c30d b=54f9
PASS: fplm=dc7f conf=dc7f
------------
fplm : a=5447 b=5551
PASS: fplm=6d98 conf=6d98
------------
fplm : a=5b87 b=d48b
PASS: fplm=f44e conf=f44e
------------
fplm : a=4ece b=db5d
PASS: fplm=ee95 conf=ee95
------------
fplm : a=da95 b=db25
PASS: fplm=79dc conf=79dc
------------
fplm : a=d689 b=cc3a
PASS: fplm=677e conf=677e
------------
fplm : a=db06 b=5349
PASS: fplm=f2a7 conf=f2a7
------------
fplm : a=cbb5 b=5167
PASS: fplm=e141 conf=e141
------------
fplm : a=da06 b=d898
PASS: fplm=779b conf=779b
------------
fplm : a=557c b=4a69
PASS: fplm=64b0 conf=64b0
------------
fplm : a=d7c3 b=d6d5
PASS: fplm=72cb conf=72cb
------------
fplm : a=c845 b=de03
PASS: fplm=6b46 conf=6b46
------------
fplm : a=d656 b=d0f8
PASS: fplm=6c23 conf=6c23
------------
fplm : a=d98b b=cec6
PASS: fplm=6cee conf=6cee
------------
fplm : a=5cad b=580d
PASS: fplm=78ba conf=78ba
------------
fplm : a=555c b=d48f
PASS: fplm=edeb conf=edeb
------------
fplm : a=d332 b=d76a
PASS: fplm=6ece conf=6ece
------------
fplm : a=d94d b=dc89
PASS: fplm=79d6 conf=79d6
------------
fplm : a=5b60 b=ce75
PASS: fplm=edea conf=edea
------------
fplm : a=d7fc b=53f7
PASS: fplm=ef79 conf=ef79
------------
fplm : a=d34b b=5be1
PASS: fplm=f315 conf=f315
------------
fplm : a=da52 b=d015
PASS: fplm=6f3e conf=6f3e
------------
fplm : a=caac b=dc87
PASS: fplm=6bdd conf=6bdd
------------
fplm : a=d99a b=46a3
PASS: fplm=e4eb conf=e4eb
------------
fplm : a=4f05 b=5493
PASS: fplm=6815 conf=6815
------------
fplm : a=5ad7 b=4c9f
PASS: fplm=6c0a conf=6c0a
------------
fplm : a=582b b=d55a
PASS: fplm=f185 conf=f185
------------
fplm : a=d9d2 b=da97
PASS: fplm=791d conf=791d
------------
fplm : a=d547 b=5abb
PASS: fplm=f4a4 conf=f4a4
------------
fplm : a=5172 b=d934
PASS: fplm=eea6 conf=eea6
------------
fplm : a=436e b=4644
PASS: fplm=4dd9 conf=4dd9
------------
fplm : a=dafe b=d481
PASS: fplm=7400 conf=7400
------------
fplm : a=d610 b=48cf
PASS: fplm=e3d7 conf=e3d7
------------
fplm : a=507d b=555b
PASS: fplm=69d8 conf=69d8
------------
fplm : a=5175 b=d8b8
PASS: fplm=ee2d conf=ee2d
------------
fplm : a=d65e b=d15e
PASS: fplm=6c8d conf=6c8d
------------
fplm : a=54d3 b=dcef
PASS: fplm=f5c2 conf=f5c2
------------
fplm : a=52bb b=597d
PASS: fplm=70da conf=70da
------------
fplm : a=d900 b=d584
PASS: fplm=7284 conf=7284
------------
fplm : a=554e b=d56d
PASS: fplm=eebb conf=eebb
------------
fplm : a=5c6d b=58e7
PASS: fplm=7954 conf=7954
------------
fplm : a=d0c9 b=cd63
PASS: fplm=622c conf=622c
------------
fplm : a=dade b=5559
PASS: fplm=f4c8 conf=f4c8
------------
fplm : a=da1f b=d740
PASS: fplm=75af conf=75af
------------
fplm : a=d03d b=cc21
PASS: fplm=605e conf=605e
------------
fplm : a=564a b=5036
PASS: fplm=6b5b conf=6b5b
------------
fplm : a=dc1b b=5426
PASS: fplm=f441 conf=f441
------------
fplm : a=557e b=cf82
PASS: fplm=e93f conf=e93f
------------
fplm : a=512a b=dc2c
PASS: fplm=f156 conf=f156
------------
fplm : a=d5a3 b=57bf
PASS: fplm=f182 conf=f182
------------
fplm : a=5bab b=d2a6
PASS: fplm=f2a8 conf=f2a8
------------
fplm : a=db25 b=c3bc
PASS: fplm=62f0 conf=62f0
------------
fplm : a=5609 b=5c83
PASS: fplm=7787 conf=7787
------------
fplm : a=571f b=d7f8
PASS: fplm=f30b conf=f30b
------------
fplm : a=5867 b=db81
PASS: fplm=f827 conf=f827
------------
fplm : a=d62e b=558b
PASS: fplm=f0a2 conf=f0a2
------------
fplm : a=d53d b=d9f7
PASS: fplm=7334 conf=7334
------------
fplm : a=d94c b=5a4b
PASS: fplm=f871 conf=f871
------------
fplm : a=c461 b=54b1
PASS: fplm=dd12 conf=dd12
------------
fplm : a=54ee b=5c9c
PASS: fplm=758a conf=758a
------------
fplm : a=d9df b=5564
PASS: fplm=f343 conf=f343
------------
fplm : a=d03b b=5856
PASS: fplm=ec91 conf=ec91
------------
fplm : a=c9d5 b=d01f
PASS: fplm=5df4 conf=5df4
------------
fplm : a=5338 b=d479
PASS: fplm=ec15 conf=ec15
------------
fplm : a=4a47 b=57ca
PASS: fplm=6688 conf=6688
------------
fplm : a=5a86 b=4491
PASS: fplm=63d4 conf=63d4
------------
fplm : a=d1ae b=5271
PASS: fplm=e8e6 conf=e8e6
------------
fplm : a=58fd b=d935
PASS: fplm=f632 conf=f632
------------
fplm : a=cfe5 b=d460
PASS: fplm=6852 conf=6852
------------
fplm : a=528b b=54c7
PASS: fplm=6c0c conf=6c0c
------------
fplm : a=5203 b=d468
PASS: fplm=eb69 conf=eb69
------------
fplm : a=d2ff b=5ce2
PASS: fplm=f461 conf=f461
------------
fplm : a=d5ea b=5c63
PASS: fplm=f64d conf=f64d
------------
fplm : a=5cd7 b=d561
PASS: fplm=f638 conf=f638
------------
fplm : a=d8a8 b=d6c1
PASS: fplm=7408 conf=7408
------------
fplm : a=d1c8 b=d1d1
PASS: fplm=6799 conf=6799
------------
fplm : a=5216 b=484b
PASS: fplm=5f56 conf=5f56
------------
fplm : a=550b b=cfc6
PASS: fplm=e8ee conf=e8ee
------------
fplm : a=5982 b=ce0b
PASS: fplm=ec87 conf=ec87
------------
fplm : a=d599 b=cf02
PASS: fplm=691a conf=691a
------------
fplm : a=53fa b=d834
PASS: fplm=f031 conf=f031
------------
fplm : a=54fa b=5a26
PASS: fplm=740d conf=740d
------------
fplm : a=4f81 b=d2d8
PASS: fplm=e6ac conf=e6ac
------------
fplm : a=de83 b=4d8e
PASS: fplm=f0cf conf=f0cf
------------
fplm : a=58bd b=5b9f
PASS: fplm=788c conf=788c
------------
fplm : a=4f36 b=5c7f
PASS: fplm=701a conf=701a
------------
fplm : a=dcd1 b=558a
PASS: fplm=f65b conf=f65b
------------
fplm : a=da4c b=d7be
PASS: fplm=7685 conf=7685
------------
fplm : a=d3ab b=5013
PASS: fplm=e7e8 conf=e7e8
------------
fplm : a=549d b=5552
PASS: fplm=6def conf=6def
------------
fplm : a=d531 b=d8f7
PASS: fplm=7228 conf=7228
------------
fplm : a=d40d b=d12b
PASS: fplm=6938 conf=6938
------------
fplm : a=5103 b=54b5
PASS: fplm=69b8 conf=69b8
------------
fplm : a=5623 b=5bad
PASS: fplm=75e7 conf=75e7
------------
fplm : a=db45 b=4de2
PASS: fplm=ed84 conf=ed84
------------
fplm : a=5c97 b=584d
PASS: fplm=78e4 conf=78e4
------------
fplm : a=5894 b=5cf6
PASS: fplm=798a conf=798a
------------
fplm : a=5147 b=c8c9
PASS: fplm=de10 conf=de10
------------
fplm : a=d577 b=d500
PASS: fplm=6e77 conf=6e77
------------
fplm : a=534b b=ca21
PASS: fplm=e1b5 conf=e1b5
------------
fplm : a=d920 b=52ca
PASS: fplm=f085 conf=f085
------------
fplm : a=d18c b=d7a3
PASS: fplm=6d5d conf=6d5d
------------
fplm : a=dd53 b=4a05
PASS: fplm=ec55 conf=ec55
------------
fplm : a=dbf2 b=d6f9
PASS: fplm=76f5 conf=76f5
------------
fplm : a=d61a b=5c31
PASS: fplm=f73e conf=f73e
------------
fplm : a=dc1b b=5b2c
PASS: fplm=fbb1 conf=fbb1
------------
fplm : a=541f b=52d0
PASS: fplm=6b87 conf=6b87
------------
fplm : a=5906 b=cedc
PASS: fplm=ec74 conf=ec74
------------
fplm : a=58b1 b=5082
PASS: fplm=6d33 conf=6d33
------------
fplm : a=5b02 b=4ba7
PASS: fplm=6ad4 conf=6ad4
------------
fplm : a=dd0c b=d82e
PASS: fplm=793a conf=793a
------------
fplm : a=5919 b=54d4
PASS: fplm=71ed conf=71ed
------------
fplm : a=d5c2 b=5612
PASS: fplm=f0cb conf=f0cb
------------
fplm : a=daa3 b=d6e8
PASS: fplm=75c5 conf=75c5
------------
fplm : a=ccea b=d7fc
PASS: fplm=68e8 conf=68e8
------------
fplm : a=d462 b=d095
PASS: fplm=68f7 conf=68f7
------------
fplm : a=59cd b=d5be
PASS: fplm=f38b conf=f38b
------------
fplm : a=4c10 b=d808
PASS: fplm=e818 conf=e818
------------
fplm : a=4c3f b=5661
PASS: fplm=676f conf=676f
------------
fplm : a=d25c b=d64a
PASS: fplm=6d53 conf=6d53
------------
fplm : a=54b5 b=589e
PASS: fplm=7153 conf=7153
------------
fplm : a=585a b=549e
PASS: fplm=70f8 conf=70f8
------------
fplm : a=d9f8 b=5746
PASS: fplm=f59b conf=f59b
------------
fplm : a=5991 b=5521
PASS: fplm=72b2 conf=72b2
------------
fplm : a=c372 b=d59d
PASS: fplm=5d56 conf=5d56
------------
fplm : a=57b5 b=4d1a
PASS: fplm=68f4 conf=68f4
------------
fplm : a=d9e7 b=cdc7
PASS: fplm=6bae conf=6bae
------------
fplm : a=4bd2 b=daa2
PASS: fplm=eaba conf=eaba
------------
fplm : a=d4b8 b=d5b8
PASS: fplm=6e70 conf=6e70
------------
fplm : a=54d9 b=5b63
PASS: fplm=748a conf=748a
------------
fplm : a=5951 b=541b
PASS: fplm=716c conf=716c
------------
fplm : a=59e4 b=d412
PASS: fplm=f1f6 conf=f1f6
------------
fplm : a=d068 b=5818
PASS: fplm=ec80 conf=ec80
------------
fplm : a=d697 b=5674
PASS: fplm=f185 conf=f185
------------
fplm : a=d565 b=5674
PASS: fplm=f09f conf=f09f
------------
fplm : a=57c8 b=5ae2
PASS: fplm=76d5 conf=76d5
------------
fplm : a=56ce b=d9b5
PASS: fplm=f51c conf=f51c
------------
fplm : a=c951 b=d05a
PASS: fplm=5dab conf=5dab
------------
fplm : a=56aa b=3f08
PASS: fplm=59d9 conf=59d9
------------
fplm : a=5b51 b=d60f
PASS: fplm=f5af conf=f5af
------------
fplm : a=cc35 b=5b1a
PASS: fplm=ebc2 conf=ebc2
------------
fplm : a=dc58 b=46ef
PASS: fplm=e7cf conf=e7cf
------------
fplm : a=5423 b=53b8
PASS: fplm=6bff conf=6bff
------------
fplm : a=d19d b=c9c7
PASS: fplm=5f64 conf=5f64
------------
fplm : a=5749 b=489d
PASS: fplm=6441 conf=6441
------------
fplm : a=5747 b=54b7
PASS: fplm=705a conf=705a
------------
fplm : a=5bdb b=47f8
PASS: fplm=6769 conf=6769
------------
fplm : a=4a00 b=562a
PASS: fplm=6515 conf=6515
------------
fplm : a=d217 b=d0c2
PASS: fplm=67cd conf=67cd
------------
fplm : a=54d9 b=5bba
PASS: fplm=74b6 conf=74b6
------------
fplm : a=d4f8 b=dde5
PASS: fplm=76dd conf=76dd
------------
fplm : a=d8d5 b=c796
PASS: fplm=64a0 conf=64a0
------------
fplm : a=daea b=d84a
PASS: fplm=77bf conf=77bf
------------
fplm : a=5689 b=d6ae
PASS: fplm=f19b conf=f19b
------------
fplm : a=cc9c b=d7c3
PASS: fplm=687d conf=687d
------------
fplm : a=54f6 b=d1df
PASS: fplm=ead5 conf=ead5
------------
fplm : a=5818 b=5c09
PASS: fplm=7821 conf=7821
------------
fplm : a=cc39 b=d7b5
PASS: fplm=6813 conf=6813
------------
fplm : a=d177 b=4fe7
PASS: fplm=e56a conf=e56a
------------
fplm : a=5c41 b=5030
PASS: fplm=7071 conf=7071
------------
fplm : a=d50c b=d6d0
PASS: fplm=7074 conf=7074
------------
fplm : a=d556 b=58a4
PASS: fplm=f1fa conf=f1fa
------------
fplm : a=5a70 b=d5ad
PASS: fplm=f4e5 conf=f4e5
------------
fplm : a=d98a b=46aa
PASS: fplm=e4df conf=e4df
------------
fplm : a=5d21 b=5c19
PASS: fplm=7d3a conf=7d3a
------------
fplm : a=de27 b=cf7b
PASS: fplm=71d0 conf=71d0
------------
fplm : a=5973 b=4e03
PASS: fplm=6c74 conf=6c74
------------
fplm : a=d52a b=5a86
PASS: fplm=f46d conf=f46d
------------
fplm : a=5aa3 b=d804
PASS: fplm=f755 conf=f755
------------
fplm : a=dc01 b=d6b0
PASS: fplm=7759 conf=7759
------------
fplm : a=d544 b=d353
PASS: fplm=6ced conf=6ced
------------
fplm : a=da20 b=5684
PASS: fplm=f552 conf=f552
------------
fplm : a=5b8d b=4d0b
PASS: fplm=6cd1 conf=6cd1
------------
fplm : a=58c2 b=551a
PASS: fplm=71dc conf=71dc
------------
fplm : a=dbe7 b=d562
PASS: fplm=7555 conf=7555
------------
fplm : a=5236 b=d326
PASS: fplm=e9ae conf=e9ae
------------
fplm : a=d615 b=5bb3
PASS: fplm=f5e3 conf=f5e3
------------
fplm : a=50bb b=56f9
PASS: fplm=6c37 conf=6c37
------------
fplm : a=5602 b=4a70
PASS: fplm=6539 conf=6539
------------
fplm : a=59c2 b=dc23
PASS: fplm=f9e5 conf=f9e5
------------
fplm : a=d64f b=5478
PASS: fplm=ef9f conf=ef9f
------------
fplm : a=5678 b=dd51
PASS: fplm=f88d conf=f88d
------------
fplm : a=555b b=d627
PASS: fplm=f06e conf=f06e
------------
fplm : a=d311 b=4f26
PASS: fplm=e69b conf=e69b
------------
fplm : a=d40a b=59be
PASS: fplm=f1c8 conf=f1c8
------------
fplm : a=db91 b=d8c1
PASS: fplm=7889 conf=7889
------------
fplm : a=59b7 b=5ae0
PASS: fplm=7927 conf=7927
------------
fplm : a=552c b=d864
PASS: fplm=f190 conf=f190
------------
fplm : a=5d07 b=cbb6
PASS: fplm=ece2 conf=ece2
------------
fplm : a=58ae b=d429
PASS: fplm=f0d7 conf=f0d7
------------
fplm : a=58f5 b=58f5
PASS: fplm=75ea conf=75ea
------------
fplm : a=53d9 b=56d0
PASS: fplm=6ed4 conf=6ed4
------------
fplm : a=d63a b=5ad7
PASS: fplm=f588 conf=f588
------------
fplm : a=517d b=b470
PASS: fplm=c9ed conf=c9ed
------------
fplm : a=da01 b=d68c
PASS: fplm=7546 conf=7546
------------
fplm : a=4dc1 b=5649
PASS: fplm=68e5 conf=68e5
------------
fplm : a=d7f0 b=d7d0
PASS: fplm=7360 conf=7360
------------
fplm : a=58e4 b=571c
PASS: fplm=7472 conf=7472
------------
fplm : a=d030 b=ccc4
PASS: fplm=60f4 conf=60f4
------------
fplm : a=57c8 b=5c0f
PASS: fplm=77f3 conf=77f3
------------
fplm : a=49fb b=d8da
PASS: fplm=e6d5 conf=e6d5
------------
fplm : a=d608 b=5540
PASS: fplm=f044 conf=f044
------------
fplm : a=5fb7 b=565f
PASS: fplm=7a8a conf=7a8a
------------
fplm : a=5784 b=475b
PASS: fplm=62ef conf=62ef
------------
fplm : a=5b0f b=538a
PASS: fplm=72cc conf=72cc
------------
fplm : a=5937 b=59eb
PASS: fplm=7722 conf=7722
------------
fplm : a=d42f b=d519
PASS: fplm=6d48 conf=6d48
------------
fplm : a=5b30 b=5c1f
PASS: fplm=7bb7 conf=7bb7
------------
fplm : a=5531 b=db04
PASS: fplm=f4b3 conf=f4b3
------------
fplm : a=d064 b=d6b7
PASS: fplm=6bbf conf=6bbf
------------
fplm : a=d305 b=5985
PASS: fplm=f107 conf=f107
------------
fplm : a=4880 b=dc34
PASS: fplm=e8b4 conf=e8b4
------------
fplm : a=533d b=d7be
PASS: fplm=eefd conf=eefd
------------
fplm : a=4d4c b=58d0
PASS: fplm=6a1c conf=6a1c
------------
fplm : a=d7fc b=5c67
PASS: fplm=f865 conf=f865
------------
fplm : a=5372 b=dccd
PASS: fplm=f486 conf=f486
------------
fplm : a=53b0 b=d835
PASS: fplm=f00d conf=f00d
------------
fplm : a=d771 b=d847
PASS: fplm=73ff conf=73ff
------------
fplm : a=5b42 b=58e1
PASS: fplm=7882 conf=7882
------------
fplm : a=dd22 b=575b
PASS: fplm=f8cf conf=f8cf
------------
fplm : a=ce90 b=d3c0
PASS: fplm=66a8 conf=66a8
------------
fplm : a=d061 b=c6e1
PASS: fplm=5bd1 conf=5bd1
------------
fplm : a=56fe b=53eb
PASS: fplm=6ef4 conf=6ef4
------------
fplm : a=da27 b=d6e4
PASS: fplm=7585 conf=7585
------------
fplm : a=d967 b=d4e2
PASS: fplm=7249 conf=7249
------------
fplm : a=5330 b=5449
PASS: fplm=6be1 conf=6be1
------------
fplm : a=5811 b=d88d
PASS: fplm=f49e conf=f49e
------------
fplm : a=50b5 b=5b70
PASS: fplm=706d conf=706d
------------
fplm : a=d652 b=59f8
PASS: fplm=f521 conf=f521
------------
fplm : a=d655 b=5757
PASS: fplm=f1d5 conf=f1d5
------------
fplm : a=4cd7 b=d464
PASS: fplm=e53b conf=e53b
------------
fplm : a=4d3b b=da43
PASS: fplm=ec5c conf=ec5c
------------
fplm : a=5121 b=59a4
PASS: fplm=6ec5 conf=6ec5
------------
fplm : a=d82b b=5d01
PASS: fplm=f92c conf=f92c
------------
fplm : a=5341 b=549e
PASS: fplm=6c3e conf=6c3e
------------
fplm : a=d52d b=d178
PASS: fplm=6aa5 conf=6aa5
------------
fplm : a=d247 b=d2b1
PASS: fplm=697b conf=697b
------------
fplm : a=59b9 b=d08f
PASS: fplm=ee48 conf=ee48
------------
fplm : a=5979 b=5570
PASS: fplm=72e9 conf=72e9
------------
fplm : a=cda9 b=cd27
PASS: fplm=5ed0 conf=5ed0
------------
fplm : a=4d99 b=38c2
PASS: fplm=4a5b conf=4a5b
------------
fplm : a=538b b=4f2c
PASS: fplm=66db conf=66db
------------
fplm : a=ce35 b=d1aa
PASS: fplm=64c4 conf=64c4
------------
fplm : a=dc35 b=d9bd
PASS: fplm=79f2 conf=79f2
------------
fplm : a=dbfa b=cc2f
PASS: fplm=6c2c conf=6c2c
------------
fplm : a=d193 b=58cc
PASS: fplm=ee5f conf=ee5f
------------
fplm : a=d637 b=dc0e
PASS: fplm=7729 conf=7729
------------
fplm : a=56ed b=4d78
PASS: fplm=68ee conf=68ee
------------
fplm : a=5cb0 b=d8aa
PASS: fplm=f95a conf=f95a
------------
fplm : a=55e9 b=5c3d
PASS: fplm=7626 conf=7626
------------
fplm : a=cea9 b=58ed
PASS: fplm=ec41 conf=ec41
------------
fplm : a=dc96 b=5a5c
PASS: fplm=fbc4 conf=fbc4
------------
fplm : a=d8ab b=dce7
PASS: fplm=7992 conf=7992
------------
fplm : a=585e b=d49c
PASS: fplm=f0fa conf=f0fa
------------
fplm : a=51ad b=d645
PASS: fplm=eccf conf=eccf
------------
fplm : a=d93d b=ca42
PASS: fplm=685e conf=685e
------------
fplm : a=d2f7 b=585c
PASS: fplm=efd7 conf=efd7
------------
fplm : a=5a8b b=596e
PASS: fplm=78b3 conf=78b3
------------
fplm : a=5030 b=d74c
PASS: fplm=ebd6 conf=ebd6
------------
fplm : a=5a09 b=5c11
PASS: fplm=7b15 conf=7b15
------------
fplm : a=d7e5 b=5542
PASS: fplm=f134 conf=f134
------------
fplm : a=572c b=da93
PASS: fplm=f5df conf=f5df
------------
fplm : a=d57d b=d9fe
PASS: fplm=737b conf=737b
------------
fplm : a=d94b b=c8eb
PASS: fplm=6636 conf=6636
------------
fplm : a=5113 b=598f
PASS: fplm=6ea2 conf=6ea2
------------
fplm : a=542b b=59c0
PASS: fplm=71eb conf=71eb
------------
fplm : a=49b8 b=d42a
PASS: fplm=e1e2 conf=e1e2
------------
fplm : a=cc2e b=ce3f
PASS: fplm=5f4d conf=5f4d
------------
fplm : a=55a5 b=dba5
PASS: fplm=f577 conf=f577
------------
fplm : a=d753 b=5486
PASS: fplm=f02f conf=f02f
------------
fplm : a=5a72 b=d700
PASS: fplm=f5b9 conf=f5b9
------------
fplm : a=5a57 b=c5d3
PASS: fplm=e4fe conf=e4fe
------------
fplm : a=d74c b=d27d
PASS: fplm=6de4 conf=6de4
------------
fplm : a=d9ed b=5806
PASS: fplm=f5f3 conf=f5f3
------------
fplm : a=be57 b=dc16
PASS: fplm=5f41 conf=5f41
------------
fplm : a=d861 b=5bc0
PASS: fplm=f841 conf=f841
------------
fplm : a=c79a b=d357
PASS: fplm=5ef8 conf=5ef8
------------
fplm : a=5978 b=dafa
PASS: fplm=f8f5 conf=f8f5
------------
fplm : a=ca60 b=d385
PASS: fplm=61f2 conf=61f2
------------
fplm : a=507c b=d423
PASS: fplm=e89f conf=e89f
------------
fplm : a=cf58 b=d50a
PASS: fplm=68b6 conf=68b6
------------
fplm : a=5122 b=da36
PASS: fplm=f03d conf=f03d
------------
fplm : a=d84c b=d5cd
PASS: fplm=7219 conf=7219
------------
fplm : a=4c3e b=d4c2
PASS: fplm=e500 conf=e500
------------
fplm : a=ceb3 b=4c6c
PASS: fplm=dfc5 conf=dfc5
------------
fplm : a=d5ed b=d31c
PASS: fplm=6d7b conf=6d7b
------------
fplm : a=d076 b=5869
PASS: fplm=ecdf conf=ecdf
------------
fplm : a=2a95 b=cca4
PASS: fplm=bbee conf=bbee
------------
fplm : a=dd82 b=561e
PASS: fplm=f891 conf=f891
------------
fplm : a=5ae9 b=d47c
PASS: fplm=f3f0 conf=f3f0
------------
fplm : a=5a80 b=507f
PASS: fplm=6fbf conf=6fbf
------------
fplm : a=dc9c b=5130
PASS: fplm=f1cc conf=f1cc
------------
fplm : a=d645 b=d0b9
PASS: fplm=6bdb conf=6bdb
------------
fplm : a=5784 b=5454
PASS: fplm=7016 conf=7016
------------
fplm : a=52c0 b=d589
PASS: fplm=ece9 conf=ece9
------------
fplm : a=d4e6 b=d9e5
PASS: fplm=72cb conf=72cb
------------
fplm : a=510f b=572c
PASS: fplm=6ca5 conf=6ca5
------------
fplm : a=56a1 b=477b
PASS: fplm=628d conf=628d
------------
fplm : a=da20 b=ce4e
PASS: fplm=6d37 conf=6d37
------------
fplm : a=ddb1 b=c4e1
PASS: fplm=6692 conf=6692
------------
fplm : a=cc93 b=59e1
PASS: fplm=ea74 conf=ea74
------------
fplm : a=5358 b=d307
PASS: fplm=eaaf conf=eaaf
------------
fplm : a=d61c b=d113
PASS: fplm=6c21 conf=6c21
------------
fplm : a=56e1 b=5b3b
PASS: fplm=768d conf=768d
------------
fplm : a=da52 b=ca87
PASS: fplm=696c conf=696c
------------
fplm : a=c722 b=cbcb
PASS: fplm=56f6 conf=56f6
------------
fplm : a=d0a7 b=50d8
PASS: fplm=e57f conf=e57f
------------
fplm : a=d4f9 b=d245
PASS: fplm=6c1b conf=6c1b
------------
fplm : a=5a33 b=d188
PASS: fplm=f0a1 conf=f0a1
------------
fplm : a=528a b=d344
PASS: fplm=e9e7 conf=e9e7
------------
fplm : a=4f28 b=52f3
PASS: fplm=668d conf=668d
------------
fplm : a=d8b8 b=b4c9
PASS: fplm=5181 conf=5181
------------
fplm : a=5264 b=5c20
PASS: fplm=7352 conf=7352
------------
fplm : a=57f9 b=d539
PASS: fplm=f135 conf=f135
------------
fplm : a=dada b=d57a
PASS: fplm=74e7 conf=74e7
------------
fplm : a=5b79 b=d815
PASS: fplm=f7d1 conf=f7d1
------------
fplm : a=5136 b=5807
PASS: fplm=6d3d conf=6d3d
------------
fplm : a=cb8e b=ddb4
PASS: fplm=6d7b conf=6d7b
------------
fplm : a=cf83 b=cf7c
PASS: fplm=62ff conf=62ff
------------
fplm : a=4fc2 b=d21f
PASS: fplm=e5f0 conf=e5f0
------------
fplm : a=d6f2 b=d906
PASS: fplm=747f conf=747f
------------
fplm : a=5d81 b=5a68
PASS: fplm=7cb5 conf=7cb5
------------
fplm : a=5465 b=db6a
PASS: fplm=f41a conf=f41a
------------
fplm : a=d522 b=58ab
PASS: fplm=f1cd conf=f1cd
------------
fplm : a=54df b=cd63
PASS: fplm=e642 conf=e642
------------
fplm : a=d9bc b=d479
PASS: fplm=7235 conf=7235
------------
fplm : a=542b b=5c0a
PASS: fplm=7435 conf=7435
------------
fplm : a=5a71 b=d820
PASS: fplm=f758 conf=f758
------------
fplm : a=d21d b=5954
PASS: fplm=f062 conf=f062
------------
fplm : a=d4a7 b=d100
PASS: fplm=69a7 conf=69a7
------------
fplm : a=5876 b=dc42
PASS: fplm=f8b8 conf=f8b8
------------
fplm : a=d3ad b=cb9f
PASS: fplm=6325 conf=6325
------------
fplm : a=5215 b=5aed
PASS: fplm=7180 conf=7180
------------
fplm : a=c7a2 b=5907
PASS: fplm=e4d8 conf=e4d8
------------
fplm : a=de3c b=db63
PASS: fplm=7dcf conf=7dcf
------------
fplm : a=4d09 b=54af
PASS: fplm=65b8 conf=65b8
------------
fplm : a=d259 b=4ff7
PASS: fplm=e6a7 conf=e6a7
------------
fplm : a=d239 b=55e5
PASS: fplm=ed01 conf=ed01
------------
fplm : a=d242 b=d1b9
PASS: fplm=68da conf=68da
------------
fplm : a=d14e b=cbeb
PASS: fplm=6143 conf=6143
------------
fplm : a=55f9 b=540c
PASS: fplm=6e05 conf=6e05
------------
fplm : a=4c43 b=56d2
PASS: fplm=67ac conf=67ac
------------
fplm : a=d5a6 b=dc02
PASS: fplm=75a8 conf=75a8
------------
fplm : a=d9cb b=cf16
PASS: fplm=6d56 conf=6d56
------------
fplm : a=dd6c b=d2a7
PASS: fplm=74bf conf=74bf
------------
fplm : a=db54 b=57ce
PASS: fplm=f711 conf=f711
------------
fplm : a=d2d0 b=5c19
PASS: fplm=f381 conf=f381
------------
fplm : a=5804 b=53e3
PASS: fplm=6ff5 conf=6ff5
------------
fplm : a=d436 b=d18a
PASS: fplm=69c0 conf=69c0
------------
fplm : a=d449 b=4ebc
PASS: fplm=e7a7 conf=e7a7
------------
fplm : a=4965 b=cd15
PASS: fplm=da7a conf=da7a
------------
fplm : a=5754 b=dc24
PASS: fplm=f7ce conf=f7ce
------------
fplm : a=d330 b=5421
PASS: fplm=ebb9 conf=ebb9
------------
fplm : a=5830 b=cfbf
PASS: fplm=ec0f conf=ec0f
------------
fplm : a=5c79 b=d78c
PASS: fplm=f83f conf=f83f
------------
fplm : a=cd97 b=dc87
PASS: fplm=6e1e conf=6e1e
------------
fplm : a=d898 b=d224
PASS: fplm=6faa conf=6faa
------------
fplm : a=59fb b=572b
PASS: fplm=7590 conf=7590
------------
fplm : a=da21 b=cc07
PASS: fplm=6b17 conf=6b17
------------
fplm : a=4228 b=dbab
PASS: fplm=e1e9 conf=e1e9
------------
fplm : a=527e b=5de2
PASS: fplm=7521 conf=7521
------------
fplm : a=d8ab b=dbc5
PASS: fplm=788d conf=788d
------------
fplm : a=5354 b=5ab0
PASS: fplm=7282 conf=7282
------------
fplm : a=4ea3 b=cd7d
PASS: fplm=e0ce conf=e0ce
------------
fplm : a=d510 b=d820
PASS: fplm=7130 conf=7130
------------
fplm : a=bd46 b=5901
PASS: fplm=da47 conf=da47
------------
fplm : a=da6d b=d8d8
PASS: fplm=780e conf=780e
------------
fplm : a=5a79 b=cca6
PASS: fplm=ebe2 conf=ebe2
------------
fplm : a=d5db b=d948
PASS: fplm=7323 conf=7323
------------
fplm : a=4849 b=dc81
PASS: fplm=e8ca conf=e8ca
------------
fplm : a=d936 b=4e82
PASS: fplm=ec77 conf=ec77
------------
fplm : a=5a44 b=580c
PASS: fplm=772e conf=772e
------------
fplm : a=d6de b=56e7
PASS: fplm=f1e2 conf=f1e2
------------
fplm : a=5ccc b=cb3a
PASS: fplm=ec69 conf=ec69
------------
fplm : a=d4bc b=d80c
PASS: fplm=70c8 conf=70c8
------------
fplm : a=da13 b=5bbd
PASS: fplm=f9e7 conf=f9e7
------------
fplm : a=d2e6 b=5aae
PASS: fplm=f1ca conf=f1ca
------------
fplm : a=5cbe b=55b5
PASS: fplm=7673 conf=7673
------------
fplm : a=541d b=53a5
PASS: fplm=6bef conf=6bef
------------
fplm : a=d478 b=d4ed
PASS: fplm=6d65 conf=6d65
------------
fplm : a=59d1 b=d86d
PASS: fplm=f63e conf=f63e
------------
fplm : a=d14d b=4f72
PASS: fplm=e506 conf=e506
------------
fplm : a=5b2e b=d5f5
PASS: fplm=f58c conf=f58c
------------
fplm : a=53a6 b=534a
PASS: fplm=6af8 conf=6af8
------------
fplm : a=536f b=d94d
PASS: fplm=f104 conf=f104
------------
fplm : a=cf85 b=cddc
PASS: fplm=619e conf=619e
------------
fplm : a=d689 b=5f39
PASS: fplm=f9e0 conf=f9e0
------------
fplm : a=cbf7 b=d466
PASS: fplm=6461 conf=6461
------------
fplm : a=d6a9 b=5d8b
PASS: fplm=f8df conf=f8df
------------
fplm : a=d1f1 b=d87d
PASS: fplm=6e6e conf=6e6e
------------
fplm : a=59c1 b=4e5f
PASS: fplm=6cf0 conf=6cf0
------------
fplm : a=58ac b=5a05
PASS: fplm=77ae conf=77ae
------------
fplm : a=56f4 b=d866
PASS: fplm=f3e0 conf=f3e0
------------
fplm : a=50a4 b=5899
PASS: fplm=6d3d conf=6d3d
------------
fplm : a=5778 b=d5db
PASS: fplm=f197 conf=f197
------------
fplm : a=55e2 b=5b2e
PASS: fplm=7579 conf=7579
------------
fplm : a=d86e b=d479
PASS: fplm=70e7 conf=70e7
------------
fplm : a=5aab b=5567
PASS: fplm=74bc conf=74bc
------------
fplm : a=d4f1 b=586a
PASS: fplm=f15b conf=f15b
------------
fplm : a=52a0 b=4c37
PASS: fplm=6387 conf=6387
------------
fplm : a=d1f1 b=5d29
PASS: fplm=f31a conf=f31a
------------
fplm : a=da76 b=56c7
PASS: fplm=f59e conf=f59e
------------
fplm : a=dada b=d5e4
PASS: fplm=7551 conf=7551
------------
fplm : a=5a75 b=593d
PASS: fplm=7877 conf=7877
------------
fplm : a=57ce b=dc9a
PASS: fplm=f881 conf=f881
------------
fplm : a=5386 b=d1fa
PASS: fplm=e9bd conf=e9bd
------------
fplm : a=d965 b=5170
PASS: fplm=eed5 conf=eed5
------------
fplm : a=5401 b=dbb1
PASS: fplm=f3d9 conf=f3d9
------------
fplm : a=5897 b=d700
PASS: fplm=f417 conf=f417
------------
fplm : a=d84c b=d8e0
PASS: fplm=752c conf=752c
------------
fplm : a=d302 b=5101
PASS: fplm=e882 conf=e882
------------
fplm : a=d636 b=ce01
PASS: fplm=691b conf=691b
------------
fplm : a=5118 b=da8c
PASS: fplm=f05e conf=f05e
------------
fplm : a=59db b=d947
PASS: fplm=f722 conf=f722
------------
fplm : a=cfe4 b=54c2
PASS: fplm=e8b4 conf=e8b4
------------
fplm : a=daf7 b=d90e
PASS: fplm=7889 conf=7889
------------
fplm : a=da0a b=518c
PASS: fplm=f091 conf=f091
------------
fplm : a=ce46 b=d69d
PASS: fplm=6971 conf=6971
------------
fplm : a=cd66 b=5436
PASS: fplm=e59c conf=e59c
------------
fplm : a=dd12 b=d804
PASS: fplm=7916 conf=7916
------------
fplm : a=d5d6 b=4ea6
PASS: fplm=e929 conf=e929
------------
fplm : a=4ff0 b=3e45
PASS: fplm=529a conf=529a
------------
fplm : a=d089 b=59b4
PASS: fplm=ee3d conf=ee3d
------------
fplm : a=d71a b=4f3b
PASS: fplm=eaaa conf=eaaa
------------
fplm : a=d68e b=d483
PASS: fplm=6fca conf=6fca
------------
fplm : a=d48c b=ddd2
PASS: fplm=765e conf=765e
------------
fplm : a=cd35 b=d747
PASS: fplm=68d8 conf=68d8
------------
fplm : a=532a b=5042
PASS: fplm=67d7 conf=67d7
------------
fplm : a=438e b=d4f0
PASS: fplm=dcb7 conf=dcb7
------------
fplm : a=d546 b=d816
PASS: fplm=715c conf=715c
------------
fplm : a=d55e b=5d74
PASS: fplm=f6d2 conf=f6d2
------------
fplm : a=5d4e b=d7c9
PASS: fplm=f932 conf=f932
------------
fplm : a=d2bc b=d2c9
PASS: fplm=69c2 conf=69c2
------------
fplm : a=d919 b=5836
PASS: fplm=f54f conf=f54f
------------
fplm : a=5cc7 b=4fc2
PASS: fplm=70a8 conf=70a8
------------
fplm : a=5c31 b=5afd
PASS: fplm=7baf conf=7baf
------------
fplm : a=55ca b=d05f
PASS: fplm=ea29 conf=ea29
------------
fplm : a=5c17 b=49b2
PASS: fplm=69c9 conf=69c9
------------
fplm : a=cc2d b=d695
PASS: fplm=6777 conf=6777
------------
fplm : a=d902 b=cd96
PASS: fplm=6a98 conf=6a98
------------
fplm : a=d985 b=5a78
PASS: fplm=f8c1 conf=f8c1
------------
fplm : a=542d b=ceb1
PASS: fplm=e785 conf=e785
------------
fplm : a=4590 b=ca3c
PASS: fplm=d4ae conf=d4ae
------------
fplm : a=dc0f b=494d
PASS: fplm=e95c conf=e95c
------------
fplm : a=d6ff b=5c03
PASS: fplm=f782 conf=f782
------------
fplm : a=cb49 b=d31e
PASS: fplm=62b3 conf=62b3
------------
fplm : a=58d7 b=4479
PASS: fplm=6150 conf=6150
------------
fplm : a=d91c b=553a
PASS: fplm=f256 conf=f256
------------
fplm : a=c2b6 b=4d20
PASS: fplm=d47b conf=d47b
------------
fplm : a=c664 b=534b
PASS: fplm=ddd7 conf=ddd7
------------
fplm : a=55b8 b=5a9f
PASS: fplm=7507 conf=7507
------------
fplm : a=589a b=cdaa
PASS: fplm=ea44 conf=ea44
------------
fplm : a=58cf b=d272
PASS: fplm=f008 conf=f008
------------
fplm : a=d57e b=c857
PASS: fplm=61d5 conf=61d5
------------
fplm : a=56fa b=d95e
PASS: fplm=f4db conf=f4db
------------
fplm : a=5493 b=5551
PASS: fplm=6de4 conf=6de4
------------
fplm : a=5688 b=d3d0
PASS: fplm=eeac conf=eeac
------------
fplm : a=d51a b=4af8
PASS: fplm=e496 conf=e496
------------
fplm : a=5848 b=588e
PASS: fplm=74d6 conf=74d6
------------
fplm : a=d342 b=d69e
PASS: fplm=6df0 conf=6df0
------------
fplm : a=52fc b=5395
PASS: fplm=6ac8 conf=6ac8
------------
fplm : a=544e b=4f67
PASS: fplm=6801 conf=6801
------------
fplm : a=5569 b=d85a
PASS: fplm=f1c3 conf=f1c3
------------
fplm : a=d034 b=d8f9
PASS: fplm=6d2d conf=6d2d
------------
fplm : a=5c90 b=4c04
PASS: fplm=6c94 conf=6c94
------------
fplm : a=55e3 b=5972
PASS: fplm=7355 conf=7355
------------
fplm : a=daac b=cdd8
PASS: fplm=6d2e conf=6d2e
------------
fplm : a=57f1 b=5cac
PASS: fplm=78a4 conf=78a4
------------
fplm : a=5e99 b=5ae9
PASS: fplm=7dc0 conf=7dc0
------------
fplm : a=5674 b=cd2e
PASS: fplm=e868 conf=e868
------------
fplm : a=5c54 b=d6a7
PASS: fplm=f7a7 conf=f7a7
------------
fplm : a=596f b=5c7b
PASS: fplm=79ea conf=79ea
------------
fplm : a=dc31 b=dc8e
PASS: fplm=7cbf conf=7cbf
------------
fplm : a=4c6a b=4db0
PASS: fplm=5e1a conf=5e1a
------------
fplm : a=d3c0 b=d9ed
PASS: fplm=71cd conf=71cd
------------
fplm : a=ccfa b=54f2
PASS: fplm=e5ec conf=e5ec
------------
fplm : a=d78c b=d3fc
PASS: fplm=6f44 conf=6f44
------------
fplm : a=5a1f b=d92b
PASS: fplm=f83a conf=f83a
------------
fplm : a=4214 b=5b82
PASS: fplm=61cb conf=61cb
------------
fplm : a=d809 b=5386
PASS: fplm=efcc conf=efcc
------------
fplm : a=5ad9 b=5841
PASS: fplm=77ad conf=77ad
------------
fplm : a=5d30 b=d8f4
PASS: fplm=fa24 conf=fa24
------------
fplm : a=d066 b=48a6
PASS: fplm=dd0c conf=dd0c
------------
fplm : a=5c1f b=cc4a
PASS: fplm=ec69 conf=ec69
------------
fplm : a=da2e b=bb00
PASS: fplm=5997 conf=5997
------------
fplm : a=d6a6 b=56d4
PASS: fplm=f1bd conf=f1bd
------------
fplm : a=4597 b=d7ab
PASS: fplm=e16c conf=e16c
------------
fplm : a=4254 b=d7d3
PASS: fplm=de93 conf=de93
------------
fplm : a=4ea3 b=d11a
PASS: fplm=e46b conf=e46b
------------
fplm : a=4f5e b=56d5
PASS: fplm=6a99 conf=6a99
------------
fplm : a=475d b=581b
PASS: fplm=63c9 conf=63c9
------------
fplm : a=5a14 b=5969
PASS: fplm=7873 conf=7873
------------
fplm : a=4ce1 b=dc73
PASS: fplm=ed54 conf=ed54
------------
fplm : a=5166 b=57d2
PASS: fplm=6d4f conf=6d4f
------------
fplm : a=42f9 b=4585
PASS: fplm=4d01 conf=4d01
------------
fplm : a=56c9 b=cfdf
PASS: fplm=ead3 conf=ead3
------------
fplm : a=d657 b=da59
PASS: fplm=7557 conf=7557
------------
fplm : a=d495 b=dbee
PASS: fplm=748c conf=748c
------------
fplm : a=c1ef b=5922
PASS: fplm=df11 conf=df11
------------
fplm : a=d932 b=5811
PASS: fplm=f543 conf=f543
------------
fplm : a=d3e8 b=d437
PASS: fplm=6c2b conf=6c2b
------------
fplm : a=55bb b=d846
PASS: fplm=f201 conf=f201
------------
fplm : a=5d95 b=d33a
PASS: fplm=f532 conf=f532
------------
fplm : a=d842 b=dcb8
PASS: fplm=78fa conf=78fa
------------
fplm : a=ce1c b=528c
PASS: fplm=e554 conf=e554
------------
fplm : a=58b3 b=5aa0
PASS: fplm=7803 conf=7803
------------
fplm : a=d8a3 b=d276
PASS: fplm=6fde conf=6fde
------------
fplm : a=5795 b=586f
PASS: fplm=7439 conf=7439
------------
fplm : a=54d3 b=5954
PASS: fplm=7227 conf=7227
------------
fplm : a=d894 b=50ab
PASS: fplm=ed3f conf=ed3f
------------
fplm : a=d4d7 b=d9a4
PASS: fplm=727b conf=727b
------------
fplm : a=d3aa b=d9ee
PASS: fplm=71c3 conf=71c3
------------
fplm : a=cadd b=d5f1
PASS: fplm=655f conf=655f
------------
fplm : a=5a50 b=5d19
PASS: fplm=7c41 conf=7c41
------------
fplm : a=dd54 b=4e4b
PASS: fplm=f079 conf=f079
------------
fplm : a=534d b=cac2
PASS: fplm=e287 conf=e287
------------
fplm : a=d162 b=4c2b
PASS: fplm=e18d conf=e18d
------------
fplm : a=d394 b=52b3
PASS: fplm=eaa3 conf=eaa3
------------
fplm : a=5887 b=5ab9
PASS: fplm=77e3 conf=77e3
------------
fplm : a=354a b=54c1
PASS: fplm=4e0b conf=4e0b
------------
fplm : a=d655 b=4f2a
PASS: fplm=e9bf conf=e9bf
------------
fplm : a=d940 b=5488
PASS: fplm=f1c8 conf=f1c8
------------
fplm : a=5587 b=52fb
PASS: fplm=6d04 conf=6d04
------------
fplm : a=5634 b=d50c
PASS: fplm=f026 conf=f026
------------
fplm : a=d611 b=d49e
PASS: fplm=6fa6 conf=6fa6
------------
fplm : a=d3a3 b=5230
PASS: fplm=e9e9 conf=e9e9
------------
fplm : a=5408 b=5811
PASS: fplm=7019 conf=7019
------------
fplm : a=d510 b=d640
PASS: fplm=7030 conf=7030
------------
fplm : a=d4a0 b=d852
PASS: fplm=70f2 conf=70f2
------------
fplm : a=cff9 b=d545
PASS: fplm=6941 conf=6941
------------
fplm : a=5655 b=515d
PASS: fplm=6c87 conf=6c87
------------
fplm : a=d01d b=505e
PASS: fplm=e47b conf=e47b
------------
fplm : a=d60a b=4a0e
PASS: fplm=e50c conf=e50c
------------
fplm : a=da83 b=d6e3
PASS: fplm=75b2 conf=75b2
------------
fplm : a=dd6c b=4fd1
PASS: fplm=f154 conf=f154
------------
fplm : a=55d2 b=ccd5
PASS: fplm=e6a7 conf=e6a7
------------
fplm : a=4880 b=dbe5
PASS: fplm=e872 conf=e872
------------
fplm : a=5330 b=52b9
PASS: fplm=69f4 conf=69f4
------------
fplm : a=559a b=ccbf
PASS: fplm=e659 conf=e659
------------
fplm : a=5876 b=d7f1
PASS: fplm=f46e conf=f46e
------------
fplm : a=d60e b=d7a9
PASS: fplm=71db conf=71db
------------
fplm : a=467c b=5064
PASS: fplm=5ba2 conf=5ba2
------------
fplm : a=4821 b=d6a9
PASS: fplm=e375 conf=e375
------------
fplm : a=5651 b=d611
PASS: fplm=f130 conf=f130
------------
fplm : a=5c9e b=55c6
PASS: fplm=7664 conf=7664
------------
fplm : a=dce8 b=5af4
PASS: fplm=fc62 conf=fc62
------------
fplm : a=ccad b=badf
PASS: fplm=4c1c conf=4c1c
------------
fplm : a=c891 b=d2bf
PASS: fplm=5ff0 conf=5ff0
------------
fplm : a=5700 b=d5e5
PASS: fplm=f165 conf=f165
------------
fplm : a=529e b=da80
PASS: fplm=f18f conf=f18f
------------
fplm : a=d67f b=5b68
PASS: fplm=f5f3 conf=f5f3
------------
fplm : a=5a71 b=c671
PASS: fplm=e570 conf=e570
------------
fplm : a=d494 b=d79e
PASS: fplm=7063 conf=7063
------------
fplm : a=55a1 b=cc73
PASS: fplm=e614 conf=e614
------------
fplm : a=cd1a b=d9c2
PASS: fplm=6adc conf=6adc
------------
fplm : a=519e b=d5d5
PASS: fplm=eb73 conf=eb73
------------
fplm : a=4dca b=d064
PASS: fplm=e22e conf=e22e
------------
fplm : a=58ce b=4654
PASS: fplm=63f8 conf=63f8
------------
fplm : a=d89e b=57b6
PASS: fplm=f479 conf=f479
------------
fplm : a=dba2 b=50bb
PASS: fplm=f08c conf=f08c
------------
fplm : a=5036 b=cd31
PASS: fplm=e167 conf=e167
------------
fplm : a=d00e b=589b
PASS: fplm=eca9 conf=eca9
------------
fplm : a=56c3 b=cab9
PASS: fplm=e5bd conf=e5bd
------------
fplm : a=ca64 b=d5fd
PASS: fplm=652f conf=652f
------------
fplm : a=54c6 b=511e
PASS: fplm=69e4 conf=69e4
------------
fplm : a=cc75 b=d146
PASS: fplm=61bb conf=61bb
------------
fplm : a=53b4 b=d9bf
PASS: fplm=f199 conf=f199
------------
fplm : a=5042 b=5b3f
PASS: fplm=6fe1 conf=6fe1
------------
fplm : a=50fe b=5244
PASS: fplm=6820 conf=6820
------------
fplm : a=5756 b=5aea
PASS: fplm=76a0 conf=76a0
------------
fplm : a=d9f0 b=55ff
PASS: fplm=f3ef conf=f3ef
------------
fplm : a=5823 b=5893
PASS: fplm=74b6 conf=74b6
------------
fplm : a=cb8f b=55ca
PASS: fplm=e591 conf=e591
------------
fplm : a=d71f b=3a8e
PASS: fplm=d5d6 conf=d5d6
------------
fplm : a=c675 b=da64
PASS: fplm=656c conf=656c
------------
fplm : a=db97 b=d67c
PASS: fplm=7689 conf=7689
------------
fplm : a=d530 b=5460
PASS: fplm=ed90 conf=ed90
------------
fplm : a=dc28 b=d515
PASS: fplm=753d conf=753d
------------
fplm : a=529e b=d66d
PASS: fplm=ed85 conf=ed85
------------
fplm : a=5c1e b=4c07
PASS: fplm=6c25 conf=6c25
------------
fplm : a=c031 b=58d6
PASS: fplm=dd07 conf=dd07
------------
fplm : a=590b b=dc1a
PASS: fplm=f925 conf=f925
------------
fplm : a=483b b=57c3
PASS: fplm=641c conf=641c
------------
fplm : a=5619 b=4399
PASS: fplm=5dd8 conf=5dd8
------------
fplm : a=5341 b=5845
PASS: fplm=6fe5 conf=6fe5
------------
fplm : a=595c b=50d4
PASS: fplm=6e30 conf=6e30
------------
fplm : a=d38d b=5978
PASS: fplm=f13e conf=f13e
------------
fplm : a=583b b=50e1
PASS: fplm=6d1c conf=6d1c
------------
fplm : a=4eb7 b=cd18
PASS: fplm=e073 conf=e073
------------
fplm : a=d340 b=ce15
PASS: fplm=65aa conf=65aa
------------
fplm : a=4e3e b=d52f
PASS: fplm=e84e conf=e84e
------------
fplm : a=5a3b b=54ff
PASS: fplm=741c conf=741c
------------
fplm : a=5533 b=dc9e
PASS: fplm=f5d1 conf=f5d1
------------
fplm : a=4da8 b=d4d2
PASS: fplm=e67a conf=e67a
------------
fplm : a=4251 b=3f1f
PASS: fplm=45b7 conf=45b7
------------
fplm : a=5446 b=d6c1
PASS: fplm=efa6 conf=efa6
------------
fplm : a=580f b=d8ac
PASS: fplm=f4bb conf=f4bb
------------
fplm : a=59ca b=d540
PASS: fplm=f30a conf=f30a
------------
fplm : a=5201 b=507f
PASS: fplm=677f conf=677f
------------
fplm : a=d6dd b=d4b7
PASS: fplm=7025 conf=7025
------------
fplm : a=cd6a b=5877
PASS: fplm=e9e1 conf=e9e1
------------
fplm : a=d9d7 b=54e5
PASS: fplm=f2bc conf=f2bc
------------
fplm : a=cfb3 b=4df8
PASS: fplm=e1d1 conf=e1d1
------------
fplm : a=d8dc b=5427
PASS: fplm=f103 conf=f103
------------
fplm : a=5c07 b=c992
PASS: fplm=e999 conf=e999
------------
fplm : a=5921 b=45e3
PASS: fplm=6304 conf=6304
------------
fplm : a=5438 b=5589
PASS: fplm=6dc1 conf=6dc1
------------
fplm : a=d57b b=dc1e
PASS: fplm=7599 conf=7599
------------
fplm : a=c6e4 b=503d
PASS: fplm=dbaf conf=dbaf
------------
fplm : a=594f b=d9ba
PASS: fplm=f709 conf=f709
------------
fplm : a=4f84 b=dd73
PASS: fplm=f135 conf=f135
------------
fplm : a=d649 b=56fb
PASS: fplm=f1a1 conf=f1a1
------------
fplm : a=5991 b=dad1
PASS: fplm=f8f9 conf=f8f9
------------
fplm : a=55bd b=509d
PASS: fplm=6a5a conf=6a5a
------------
fplm : a=5731 b=5c5a
PASS: fplm=77f2 conf=77f2
------------
fplm : a=575a b=5a7a
PASS: fplm=75ea conf=75ea
------------
fplm : a=db0e b=4f70
PASS: fplm=eebf conf=eebf
------------
fplm : a=da3d b=d5ee
PASS: fplm=750c conf=750c
------------
fplm : a=5607 b=d8ab
PASS: fplm=f3ae conf=f3ae
------------
fplm : a=5b22 b=d0d8
PASS: fplm=f069 conf=f069
------------
fplm : a=d997 b=dab5
PASS: fplm=78f1 conf=78f1
------------
fplm : a=d8c4 b=d958
PASS: fplm=761c conf=761c
------------
fplm : a=d6e3 b=ce37
PASS: fplm=698c conf=698c
------------
fplm : a=5b44 b=592e
PASS: fplm=78d0 conf=78d0
------------
fplm : a=5c0f b=d3cd
PASS: fplm=f3f5 conf=f3f5
------------
fplm : a=4d77 b=dc3d
PASS: fplm=edb4 conf=edb4
------------
fplm : a=d46f b=5956
PASS: fplm=f1c5 conf=f1c5
------------
fplm : a=d96b b=59dd
PASS: fplm=f748 conf=f748
------------
fplm : a=db60 b=59f4
PASS: fplm=f9a4 conf=f9a4
------------
fplm : a=d0d8 b=da20
PASS: fplm=6fe8 conf=6fe8
------------
fplm : a=d3aa b=c803
PASS: fplm=5fd8 conf=5fd8
------------
fplm : a=50bc b=dc05
PASS: fplm=f0c1 conf=f0c1
------------
fplm : a=d8a1 b=4ef9
PASS: fplm=ec1d conf=ec1d
------------
fplm : a=da18 b=5725
PASS: fplm=f59e conf=f59e
------------
fplm : a=ccdf b=58b4
PASS: fplm=e993 conf=e993
------------
fplm : a=52a6 b=d4d6
PASS: fplm=ec29 conf=ec29
------------
fplm : a=db19 b=5b11
PASS: fplm=fa94 conf=fa94
------------
fplm : a=4a24 b=57ad
PASS: fplm=65e8 conf=65e8
------------
fplm : a=d11d b=d81c
PASS: fplm=6d39 conf=6d39
------------
fplm : a=524c b=d7db
PASS: fplm=ee93 conf=ee93
------------
fplm : a=5a1e b=562b
PASS: fplm=7524 conf=7524
------------
fplm : a=d703 b=c925
PASS: fplm=64a6 conf=64a6
------------
fplm : a=5772 b=d088
PASS: fplm=ec41 conf=ec41
------------
fplm : a=5103 b=dd0d
PASS: fplm=f210 conf=f210
------------
fplm : a=4e76 b=d849
PASS: fplm=eb84 conf=eb84
------------
fplm : a=d88a b=c8c2
PASS: fplm=654c conf=654c
------------
fplm : a=db96 b=5730
PASS: fplm=f6e3 conf=f6e3
------------
fplm : a=dd30 b=dc99
PASS: fplm=7dc9 conf=7dc9
------------
fplm : a=53b5 b=4780
PASS: fplm=5f1a conf=5f1a
------------
fplm : a=dc03 b=5a18
PASS: fplm=fb0f conf=fb0f
------------
fplm : a=d462 b=d31d
PASS: fplm=6bf0 conf=6bf0
------------
fplm : a=d2d1 b=d9b0
PASS: fplm=7118 conf=7118
------------
fplm : a=3920 b=5c89
PASS: fplm=59a9 conf=59a9
------------
fplm : a=d869 b=dda3
PASS: fplm=7a0c conf=7a0c
------------
fplm : a=d6cc b=57a1
PASS: fplm=f2b6 conf=f2b6
------------
      1003 tests completed with          0 errors
                   0 Exponential Error and                    0 Mantissa Error between fplm2 and baseline
